
> recetario-app@0.1.0 build
> next build --webpack

▲ Next.js 16.3.4 (webpack)
- Environments: .env.local
✓ Running next.config.ts took 489ms
- Experiments (use with caution):
  · optimizePackageImports

⚠ The Edge Runtime is deprecated. You can use the "nodejs" runtime instead. Learn more: https://nextjs.org/docs/messages/edge-runtime-deprecated
  Creating an optimized production build ...
✓ (serwist) Bundling the service worker script with the URL '/sw.js' and the scope '/'...
✓ Compiled successfully in 11.6s
  Running TypeScript ...
  Finished TypeScript in 3.3s ...
  Collecting page data using 15 workers ...
⚠ Using edge runtime on a page currently disables static generation for that page
  Generating static pages using 15 workers (0/41) ...
  Generating static pages using 15 workers (10/41) 
  Generating static pages using 15 workers (20/41) 
  Generating static pages using 15 workers (30/41) 
✓ Generating static pages using 15 workers (41/41) in 223ms
  Finalizing page optimization ...
  Collecting build traces ...

Route (app)
┌ ○ /
├ ○ /_not-found
├ ƒ /api/adapt-recipe-thermomix
├ ƒ /api/ai-assistant/chat
├ ƒ /api/ai-assistant/execute
├ ƒ /api/analyze-room
├ ƒ /api/cook-with-this
├ ƒ /api/cron/cleanup-proposals
├ ƒ /api/cron/preload-recipe-images
├ ƒ /api/daily-completion
├ ƒ /api/external/search-recipes
├ ƒ /api/generate-library-images
├ ƒ /api/generate-recipe
├ ƒ /api/generate-recipe-from-image
├ ƒ /api/generate-recipe-image
├ ƒ /api/generate-shopping-list
├ ƒ /api/generate-weekly-menu
├ ƒ /api/generated-menu
├ ƒ /api/log-price
├ ƒ /api/match-recipe-image
├ ƒ /api/parse-market-items
├ ƒ /api/push/send
├ ƒ /api/pwa-icon/[size]
├ ƒ /api/recipe-share
├ ƒ /api/recurring-items
├ ƒ /api/scan-pantry
├ ƒ /api/scan-receipt
├ ƒ /api/seed-schedule
├ ƒ /api/smart-shopping-list
├ ƒ /api/suggest-substitution
├ ƒ /api/validate-invitation
├ ƒ /apple-icon
├ ƒ /auth/callback
├ ○ /auth/forgot-password
├ ○ /auth/login
├ ○ /auth/register
├ ○ /auth/reset-password
├ ƒ /icon
├ ○ /join
├ ○ /manifest.webmanifest
├ ○ /offline
├ ○ /onboarding
└ ƒ /r/[slug]


ƒ Proxy (Middleware)

○  (Static)   prerendered as static content
ƒ  (Dynamic)  server-rendered on demand

