BEGIN
INSERT 0 1
              set_config              
--------------------------------------
 11111111-1111-4111-8111-111111111111
(1 row)

  set_config   
---------------
 authenticated
(1 row)

SET
 setup_completed | allergies | portions 
-----------------+-----------+----------
 t               | ["maní"]  | 3
(1 row)

      work_days      
---------------------
 ["lunes", "martes"]
(1 row)

RESET
INSERT 0 1
              set_config              
--------------------------------------
 22222222-2222-4222-8222-222222222222
(1 row)

SET
 success |            membership_id             |             household_id             |  role   | error 
---------+--------------------------------------+--------------------------------------+---------+-------
 t       | 6f42853e-9051-4da1-9762-63bf3cba6177 | 7a9fcb5b-95cc-495b-b34c-4a04c58f7ea2 | familia | 
(1 row)

 family_can_update_inventory 
-----------------------------
 t
(1 row)

ROLLBACK
